// Jest Snapshot v1, https://goo.gl/fbAQLP

exports[`Main test should render snapshot 1`] = `
<main>
  <h1>
     test
  </h1>
</main>
`;
